// Jest Snapshot v1, https://goo.gl/fbAQLP

exports[`Header renders UI as expected 1`] = `
<header
  className="header"
>
  <h1
    className="headline"
  >
    More Books, Please
  </h1>
</header>
`;
